 Fermi distribution function

Geometry optimization step: 8


********************************************************************************
 iSCC Total electronic   Diff electronic      SCC error    
   11   -0.10739930E+03    0.42632564E-13    0.11102230E-13
********************************************************************************

Coordinates of moved atoms (au):
    1      6.60122361      1.33217076      0.00000000
    2      6.60122361     -1.33217076      0.00000000
    3     -6.60122361      1.33217076      0.00000000
    4     -6.60122361     -1.33217076     -0.00000000
    5      1.33217076     -0.00000000      6.60122361
    6     -1.33217076      0.00000000      6.60122361
    7      1.33217076     -0.00000000     -6.60122361
    8     -1.33217076      0.00000000     -6.60122361
    9      0.00000000      6.60122361      1.33217076
   10     -0.00000000      6.60122361     -1.33217076
   11      0.00000000     -6.60122361      1.33217076
   12      0.00000000     -6.60122361     -1.33217076
   13      5.75204831      2.70594870      2.22271293
   14      5.75204831      2.70594870     -2.22271293
   15      5.75204831     -2.70594870      2.22271293
   16      5.75204831     -2.70594870     -2.22271293
   17     -5.75204831      2.70594870      2.22271293
   18     -5.75204831      2.70594870     -2.22271293
   19     -5.75204831     -2.70594870      2.22271293
   20     -5.75204831     -2.70594870     -2.22271293
   21      2.70594870      2.22271293      5.75204831
   22      2.70594870     -2.22271293      5.75204831
   23     -2.70594870      2.22271293      5.75204831
   24     -2.70594870     -2.22271293      5.75204831
   25      2.70594870      2.22271293     -5.75204831
   26      2.70594870     -2.22271293     -5.75204831
   27     -2.70594870      2.22271293     -5.75204831
   28     -2.70594870     -2.22271293     -5.75204831
   29      2.22271293      5.75204831      2.70594870
   30     -2.22271293      5.75204831      2.70594870
   31      2.22271293      5.75204831     -2.70594870
   32     -2.22271293      5.75204831     -2.70594870
   33      2.22271293     -5.75204831      2.70594870
   34     -2.22271293     -5.75204831      2.70594870
   35      2.22271293     -5.75204831     -2.70594870
   36     -2.22271293     -5.75204831     -2.70594870
   37      4.92872034      1.37375797      4.37833971
   38      4.92872034      1.37375797     -4.37833971
   39      4.92872034     -1.37375797      4.37833971
   40      4.92872034     -1.37375797     -4.37833971
   41     -4.92872034      1.37375797      4.37833971
   42     -4.92872034      1.37375797     -4.37833971
   43     -4.92872034     -1.37375797      4.37833971
   44     -4.92872034     -1.37375797     -4.37833971
   45      1.37375797      4.37833971      4.92872034
   46      1.37375797     -4.37833971      4.92872034
   47     -1.37375797      4.37833971      4.92872034
   48     -1.37375797     -4.37833971      4.92872034
   49      1.37375797      4.37833971     -4.92872034
   50      1.37375797     -4.37833971     -4.92872034
   51     -1.37375797      4.37833971     -4.92872034
   52     -1.37375797     -4.37833971     -4.92872034
   53      4.37833971      4.92872034      1.37375797
   54     -4.37833971      4.92872034      1.37375797
   55      4.37833971      4.92872034     -1.37375797
   56     -4.37833971      4.92872034     -1.37375797
   57      4.37833971     -4.92872034      1.37375797
   58     -4.37833971     -4.92872034      1.37375797
   59      4.37833971     -4.92872034     -1.37375797
   60     -4.37833971     -4.92872034     -1.37375797

 Total charge:    -0.00000000

 Atomic gross charges (e)
 Atom           Charge
    1       0.00000208
    2       0.00000208
    3       0.00000208
    4       0.00000208
    5       0.00000208
    6       0.00000208
    7       0.00000208
    8       0.00000208
    9       0.00000208
   10       0.00000208
   11       0.00000208
   12       0.00000208
   13       0.00001462
   14       0.00001462
   15       0.00001462
   16       0.00001462
   17       0.00001462
   18       0.00001462
   19       0.00001462
   20       0.00001462
   21       0.00001462
   22       0.00001462
   23       0.00001462
   24       0.00001462
   25       0.00001462
   26       0.00001462
   27       0.00001462
   28       0.00001462
   29       0.00001462
   30       0.00001462
   31       0.00001462
   32       0.00001462
   33       0.00001462
   34       0.00001462
   35       0.00001462
   36       0.00001462
   37      -0.00001566
   38      -0.00001566
   39      -0.00001566
   40      -0.00001566
   41      -0.00001566
   42      -0.00001566
   43      -0.00001566
   44      -0.00001566
   45      -0.00001566
   46      -0.00001566
   47      -0.00001566
   48      -0.00001566
   49      -0.00001566
   50      -0.00001566
   51      -0.00001566
   52      -0.00001566
   53      -0.00001566
   54      -0.00001566
   55      -0.00001566
   56      -0.00001566
   57      -0.00001566
   58      -0.00001566
   59      -0.00001566
   60      -0.00001566

Nr. of electrons (up):    240.00000000
Atom populations (up)
 Atom       Population
    1       3.99999792
    2       3.99999792
    3       3.99999792
    4       3.99999792
    5       3.99999792
    6       3.99999792
    7       3.99999792
    8       3.99999792
    9       3.99999792
   10       3.99999792
   11       3.99999792
   12       3.99999792
   13       3.99998538
   14       3.99998538
   15       3.99998538
   16       3.99998538
   17       3.99998538
   18       3.99998538
   19       3.99998538
   20       3.99998538
   21       3.99998538
   22       3.99998538
   23       3.99998538
   24       3.99998538
   25       3.99998538
   26       3.99998538
   27       3.99998538
   28       3.99998538
   29       3.99998538
   30       3.99998538
   31       3.99998538
   32       3.99998538
   33       3.99998538
   34       3.99998538
   35       3.99998538
   36       3.99998538
   37       4.00001566
   38       4.00001566
   39       4.00001566
   40       4.00001566
   41       4.00001566
   42       4.00001566
   43       4.00001566
   44       4.00001566
   45       4.00001566
   46       4.00001566
   47       4.00001566
   48       4.00001566
   49       4.00001566
   50       4.00001566
   51       4.00001566
   52       4.00001566
   53       4.00001566
   54       4.00001566
   55       4.00001566
   56       4.00001566
   57       4.00001566
   58       4.00001566
   59       4.00001566
   60       4.00001566

l-shell populations (up)
 Atom Sh.   l       Population
    1   1   0       1.19831841
    1   2   1       2.80167950
    2   1   0       1.19831841
    2   2   1       2.80167950
    3   1   0       1.19831841
    3   2   1       2.80167950
    4   1   0       1.19831841
    4   2   1       2.80167950
    5   1   0       1.19831841
    5   2   1       2.80167950
    6   1   0       1.19831841
    6   2   1       2.80167950
    7   1   0       1.19831841
    7   2   1       2.80167950
    8   1   0       1.19831841
    8   2   1       2.80167950
    9   1   0       1.19831841
    9   2   1       2.80167950
   10   1   0       1.19831841
   10   2   1       2.80167950
   11   1   0       1.19831841
   11   2   1       2.80167950
   12   1   0       1.19831841
   12   2   1       2.80167950
   13   1   0       1.19832511
   13   2   1       2.80166027
   14   1   0       1.19832511
   14   2   1       2.80166027
   15   1   0       1.19832511
   15   2   1       2.80166027
   16   1   0       1.19832511
   16   2   1       2.80166027
   17   1   0       1.19832511
   17   2   1       2.80166027
   18   1   0       1.19832511
   18   2   1       2.80166027
   19   1   0       1.19832511
   19   2   1       2.80166027
   20   1   0       1.19832511
   20   2   1       2.80166027
   21   1   0       1.19832511
   21   2   1       2.80166027
   22   1   0       1.19832511
   22   2   1       2.80166027
   23   1   0       1.19832511
   23   2   1       2.80166027
   24   1   0       1.19832511
   24   2   1       2.80166027
   25   1   0       1.19832511
   25   2   1       2.80166027
   26   1   0       1.19832511
   26   2   1       2.80166027
   27   1   0       1.19832511
   27   2   1       2.80166027
   28   1   0       1.19832511
   28   2   1       2.80166027
   29   1   0       1.19832511
   29   2   1       2.80166027
   30   1   0       1.19832511
   30   2   1       2.80166027
   31   1   0       1.19832511
   31   2   1       2.80166027
   32   1   0       1.19832511
   32   2   1       2.80166027
   33   1   0       1.19832511
   33   2   1       2.80166027
   34   1   0       1.19832511
   34   2   1       2.80166027
   35   1   0       1.19832511
   35   2   1       2.80166027
   36   1   0       1.19832511
   36   2   1       2.80166027
   37   1   0       1.19833000
   37   2   1       2.80168566
   38   1   0       1.19833000
   38   2   1       2.80168566
   39   1   0       1.19833000
   39   2   1       2.80168566
   40   1   0       1.19833000
   40   2   1       2.80168566
   41   1   0       1.19833000
   41   2   1       2.80168566
   42   1   0       1.19833000
   42   2   1       2.80168566
   43   1   0       1.19833000
   43   2   1       2.80168566
   44   1   0       1.19833000
   44   2   1       2.80168566
   45   1   0       1.19833000
   45   2   1       2.80168566
   46   1   0       1.19833000
   46   2   1       2.80168566
   47   1   0       1.19833000
   47   2   1       2.80168566
   48   1   0       1.19833000
   48   2   1       2.80168566
   49   1   0       1.19833000
   49   2   1       2.80168566
   50   1   0       1.19833000
   50   2   1       2.80168566
   51   1   0       1.19833000
   51   2   1       2.80168566
   52   1   0       1.19833000
   52   2   1       2.80168566
   53   1   0       1.19833000
   53   2   1       2.80168566
   54   1   0       1.19833000
   54   2   1       2.80168566
   55   1   0       1.19833000
   55   2   1       2.80168566
   56   1   0       1.19833000
   56   2   1       2.80168566
   57   1   0       1.19833000
   57   2   1       2.80168566
   58   1   0       1.19833000
   58   2   1       2.80168566
   59   1   0       1.19833000
   59   2   1       2.80168566
   60   1   0       1.19833000
   60   2   1       2.80168566

Orbital populations (up)
 Atom Sh.   l   m       Population  Label
    1   1   0   0       1.19831841  s
    1   2   1  -1       0.89714827  p_y
    1   2   1   0       0.91225115  p_z
    1   2   1   1       0.99228008  p_x
    2   1   0   0       1.19831841  s
    2   2   1  -1       0.89714827  p_y
    2   2   1   0       0.91225115  p_z
    2   2   1   1       0.99228008  p_x
    3   1   0   0       1.19831841  s
    3   2   1  -1       0.89714827  p_y
    3   2   1   0       0.91225115  p_z
    3   2   1   1       0.99228008  p_x
    4   1   0   0       1.19831841  s
    4   2   1  -1       0.89714827  p_y
    4   2   1   0       0.91225115  p_z
    4   2   1   1       0.99228008  p_x
    5   1   0   0       1.19831841  s
    5   2   1  -1       0.91225115  p_y
    5   2   1   0       0.99228008  p_z
    5   2   1   1       0.89714827  p_x
    6   1   0   0       1.19831841  s
    6   2   1  -1       0.91225115  p_y
    6   2   1   0       0.99228008  p_z
    6   2   1   1       0.89714827  p_x
    7   1   0   0       1.19831841  s
    7   2   1  -1       0.91225115  p_y
    7   2   1   0       0.99228008  p_z
    7   2   1   1       0.89714827  p_x
    8   1   0   0       1.19831841  s
    8   2   1  -1       0.91225115  p_y
    8   2   1   0       0.99228008  p_z
    8   2   1   1       0.89714827  p_x
    9   1   0   0       1.19831841  s
    9   2   1  -1       0.99228008  p_y
    9   2   1   0       0.89714827  p_z
    9   2   1   1       0.91225115  p_x
   10   1   0   0       1.19831841  s
   10   2   1  -1       0.99228008  p_y
   10   2   1   0       0.89714827  p_z
   10   2   1   1       0.91225115  p_x
   11   1   0   0       1.19831841  s
   11   2   1  -1       0.99228008  p_y
   11   2   1   0       0.89714827  p_z
   11   2   1   1       0.91225115  p_x
   12   1   0   0       1.19831841  s
   12   2   1  -1       0.99228008  p_y
   12   2   1   0       0.89714827  p_z
   12   2   1   1       0.91225115  p_x
   13   1   0   0       1.19832511  s
   13   2   1  -1       0.92629483  p_y
   13   2   1   0       0.89569649  p_z
   13   2   1   1       0.97966896  p_x
   14   1   0   0       1.19832511  s
   14   2   1  -1       0.92629483  p_y
   14   2   1   0       0.89569649  p_z
   14   2   1   1       0.97966896  p_x
   15   1   0   0       1.19832511  s
   15   2   1  -1       0.92629483  p_y
   15   2   1   0       0.89569649  p_z
   15   2   1   1       0.97966896  p_x
   16   1   0   0       1.19832511  s
   16   2   1  -1       0.92629483  p_y
   16   2   1   0       0.89569649  p_z
   16   2   1   1       0.97966896  p_x
   17   1   0   0       1.19832511  s
   17   2   1  -1       0.92629483  p_y
   17   2   1   0       0.89569649  p_z
   17   2   1   1       0.97966896  p_x
   18   1   0   0       1.19832511  s
   18   2   1  -1       0.92629483  p_y
   18   2   1   0       0.89569649  p_z
   18   2   1   1       0.97966896  p_x
   19   1   0   0       1.19832511  s
   19   2   1  -1       0.92629483  p_y
   19   2   1   0       0.89569649  p_z
   19   2   1   1       0.97966896  p_x
   20   1   0   0       1.19832511  s
   20   2   1  -1       0.92629483  p_y
   20   2   1   0       0.89569649  p_z
   20   2   1   1       0.97966896  p_x
   21   1   0   0       1.19832511  s
   21   2   1  -1       0.89569649  p_y
   21   2   1   0       0.97966896  p_z
   21   2   1   1       0.92629483  p_x
   22   1   0   0       1.19832511  s
   22   2   1  -1       0.89569649  p_y
   22   2   1   0       0.97966896  p_z
   22   2   1   1       0.92629483  p_x
   23   1   0   0       1.19832511  s
   23   2   1  -1       0.89569649  p_y
   23   2   1   0       0.97966896  p_z
   23   2   1   1       0.92629483  p_x
   24   1   0   0       1.19832511  s
   24   2   1  -1       0.89569649  p_y
   24   2   1   0       0.97966896  p_z
   24   2   1   1       0.92629483  p_x
   25   1   0   0       1.19832511  s
   25   2   1  -1       0.89569649  p_y
   25   2   1   0       0.97966896  p_z
   25   2   1   1       0.92629483  p_x
   26   1   0   0       1.19832511  s
   26   2   1  -1       0.89569649  p_y
   26   2   1   0       0.97966896  p_z
   26   2   1   1       0.92629483  p_x
   27   1   0   0       1.19832511  s
   27   2   1  -1       0.89569649  p_y
   27   2   1   0       0.97966896  p_z
   27   2   1   1       0.92629483  p_x
   28   1   0   0       1.19832511  s
   28   2   1  -1       0.89569649  p_y
   28   2   1   0       0.97966896  p_z
   28   2   1   1       0.92629483  p_x
   29   1   0   0       1.19832511  s
   29   2   1  -1       0.97966896  p_y
   29   2   1   0       0.92629483  p_z
   29   2   1   1       0.89569649  p_x
   30   1   0   0       1.19832511  s
   30   2   1  -1       0.97966896  p_y
   30   2   1   0       0.92629483  p_z
   30   2   1   1       0.89569649  p_x
   31   1   0   0       1.19832511  s
   31   2   1  -1       0.97966896  p_y
   31   2   1   0       0.92629483  p_z
   31   2   1   1       0.89569649  p_x
   32   1   0   0       1.19832511  s
   32   2   1  -1       0.97966896  p_y
   32   2   1   0       0.92629483  p_z
   32   2   1   1       0.89569649  p_x
   33   1   0   0       1.19832511  s
   33   2   1  -1       0.97966896  p_y
   33   2   1   0       0.92629483  p_z
   33   2   1   1       0.89569649  p_x
   34   1   0   0       1.19832511  s
   34   2   1  -1       0.97966896  p_y
   34   2   1   0       0.92629483  p_z
   34   2   1   1       0.89569649  p_x
   35   1   0   0       1.19832511  s
   35   2   1  -1       0.97966896  p_y
   35   2   1   0       0.92629483  p_z
   35   2   1   1       0.89569649  p_x
   36   1   0   0       1.19832511  s
   36   2   1  -1       0.97966896  p_y
   36   2   1   0       0.92629483  p_z
   36   2   1   1       0.89569649  p_x
   37   1   0   0       1.19833000  s
   37   2   1  -1       0.90592901  p_y
   37   2   1   0       0.94903458  p_z
   37   2   1   1       0.94672207  p_x
   38   1   0   0       1.19833000  s
   38   2   1  -1       0.90592901  p_y
   38   2   1   0       0.94903458  p_z
   38   2   1   1       0.94672207  p_x
   39   1   0   0       1.19833000  s
   39   2   1  -1       0.90592901  p_y
   39   2   1   0       0.94903458  p_z
   39   2   1   1       0.94672207  p_x
   40   1   0   0       1.19833000  s
   40   2   1  -1       0.90592901  p_y
   40   2   1   0       0.94903458  p_z
   40   2   1   1       0.94672207  p_x
   41   1   0   0       1.19833000  s
   41   2   1  -1       0.90592901  p_y
   41   2   1   0       0.94903458  p_z
   41   2   1   1       0.94672207  p_x
   42   1   0   0       1.19833000  s
   42   2   1  -1       0.90592901  p_y
   42   2   1   0       0.94903458  p_z
   42   2   1   1       0.94672207  p_x
   43   1   0   0       1.19833000  s
   43   2   1  -1       0.90592901  p_y
   43   2   1   0       0.94903458  p_z
   43   2   1   1       0.94672207  p_x
   44   1   0   0       1.19833000  s
   44   2   1  -1       0.90592901  p_y
   44   2   1   0       0.94903458  p_z
   44   2   1   1       0.94672207  p_x
   45   1   0   0       1.19833000  s
   45   2   1  -1       0.94903458  p_y
   45   2   1   0       0.94672207  p_z
   45   2   1   1       0.90592901  p_x
   46   1   0   0       1.19833000  s
   46   2   1  -1       0.94903458  p_y
   46   2   1   0       0.94672207  p_z
   46   2   1   1       0.90592901  p_x
   47   1   0   0       1.19833000  s
   47   2   1  -1       0.94903458  p_y
   47   2   1   0       0.94672207  p_z
   47   2   1   1       0.90592901  p_x
   48   1   0   0       1.19833000  s
   48   2   1  -1       0.94903458  p_y
   48   2   1   0       0.94672207  p_z
   48   2   1   1       0.90592901  p_x
   49   1   0   0       1.19833000  s
   49   2   1  -1       0.94903458  p_y
   49   2   1   0       0.94672207  p_z
   49   2   1   1       0.90592901  p_x
   50   1   0   0       1.19833000  s
   50   2   1  -1       0.94903458  p_y
   50   2   1   0       0.94672207  p_z
   50   2   1   1       0.90592901  p_x
   51   1   0   0       1.19833000  s
   51   2   1  -1       0.94903458  p_y
   51   2   1   0       0.94672207  p_z
   51   2   1   1       0.90592901  p_x
   52   1   0   0       1.19833000  s
   52   2   1  -1       0.94903458  p_y
   52   2   1   0       0.94672207  p_z
   52   2   1   1       0.90592901  p_x
   53   1   0   0       1.19833000  s
   53   2   1  -1       0.94672207  p_y
   53   2   1   0       0.90592901  p_z
   53   2   1   1       0.94903458  p_x
   54   1   0   0       1.19833000  s
   54   2   1  -1       0.94672207  p_y
   54   2   1   0       0.90592901  p_z
   54   2   1   1       0.94903458  p_x
   55   1   0   0       1.19833000  s
   55   2   1  -1       0.94672207  p_y
   55   2   1   0       0.90592901  p_z
   55   2   1   1       0.94903458  p_x
   56   1   0   0       1.19833000  s
   56   2   1  -1       0.94672207  p_y
   56   2   1   0       0.90592901  p_z
   56   2   1   1       0.94903458  p_x
   57   1   0   0       1.19833000  s
   57   2   1  -1       0.94672207  p_y
   57   2   1   0       0.90592901  p_z
   57   2   1   1       0.94903458  p_x
   58   1   0   0       1.19833000  s
   58   2   1  -1       0.94672207  p_y
   58   2   1   0       0.90592901  p_z
   58   2   1   1       0.94903458  p_x
   59   1   0   0       1.19833000  s
   59   2   1  -1       0.94672207  p_y
   59   2   1   0       0.90592901  p_z
   59   2   1   1       0.94903458  p_x
   60   1   0   0       1.19833000  s
   60   2   1  -1       0.94672207  p_y
   60   2   1   0       0.90592901  p_z
   60   2   1   1       0.94903458  p_x

Fermi level:                        -0.1823316091 H           -4.9615 eV
Band energy:                      -107.3992951843 H        -2922.4835 eV
TS:                                  0.0000000000 H            0.0000 eV
Band free energy (E-TS):          -107.3992951843 H        -2922.4835 eV
Extrapolated E(0K):               -107.3992951843 H        -2922.4835 eV
Input / Output electrons (q):    240.0000000000    240.0000000000

Energy H0:                        -107.3992951532 H        -2922.4835 eV
Energy SCC:                          0.0000000003 H            0.0000 eV
Total Electronic energy:          -107.3992951530 H        -2922.4835 eV
Repulsive energy:                    4.1675557603 H          113.4050 eV
Total energy:                     -103.2317393927 H        -2809.0786 eV
Extrapolated to 0:                -103.2317393927 H        -2809.0786 eV
Total Mermin free energy:         -103.2317393927 H        -2809.0786 eV
Force related energy:             -103.2317393927 H        -2809.0786 eV

